crop images from dataset/source/Type1 and save to dataset/patches/Type1
train
dataset/source/Type1/5.jpg
valid
test
dataset/source/Type1/43.jpg
crop images from dataset/source/Type2 and save to dataset/patches/Type2
train
valid
test
crop images from dataset/source/Type3 and save to dataset/patches/Type3
train
valid
test
crop images from dataset/source/Type0 and save to dataset/patches/Type0
train
dataset/source/Type0/1.jpg
dataset/source/Type0/3.jpg
dataset/source/Type0/4.jpg
dataset/source/Type0/7.jpg
dataset/source/Type0/11.jpg
dataset/source/Type0/12.jpg
dataset/source/Type0/14.jpg
dataset/source/Type0/19.jpg
dataset/source/Type0/21.jpg
dataset/source/Type0/23.jpg
dataset/source/Type0/41.jpg
dataset/source/Type0/42.jpg
dataset/source/Type0/44.jpg
dataset/source/Type0/61.jpg
dataset/source/Type0/63.jpg
dataset/source/Type0/73.jpg
dataset/source/Type0/87.jpg
dataset/source/Type0/88.jpg
dataset/source/Type0/92.jpg
dataset/source/Type0/96.jpg
dataset/source/Type0/106.jpg
dataset/source/Type0/111.jpg
dataset/source/Type0/114.jpg
dataset/source/Type0/121.jpg
dataset/source/Type0/124.jpg
dataset/source/Type0/128.jpg
dataset/source/Type0/129.jpg
dataset/source/Type0/131.jpg
dataset/source/Type0/133.jpg
dataset/source/Type0/135.jpg
dataset/source/Type0/147.jpg
dataset/source/Type0/158.jpg
dataset/source/Type0/165.jpg
dataset/source/Type0/169.jpg
dataset/source/Type0/173.jpg
dataset/source/Type0/174.jpg
dataset/source/Type0/179.jpg
dataset/source/Type0/183.jpg
dataset/source/Type0/185.jpg
dataset/source/Type0/207.jpg
dataset/source/Type0/208.jpg
dataset/source/Type0/218.jpg
dataset/source/Type0/220.jpg
dataset/source/Type0/225.jpg
dataset/source/Type0/226.jpg
dataset/source/Type0/232.jpg
dataset/source/Type0/234.jpg
dataset/source/Type0/235.jpg
dataset/source/Type0/237.jpg
dataset/source/Type0/240.jpg
dataset/source/Type0/250.jpg
dataset/source/Type0/253.jpg
dataset/source/Type0/279.jpg
dataset/source/Type0/285.jpg
dataset/source/Type0/288.jpg
dataset/source/Type0/289.jpg
dataset/source/Type0/291.jpg
dataset/source/Type0/298.jpg
dataset/source/Type0/305.jpg
dataset/source/Type0/310.jpg
dataset/source/Type0/313.jpg
dataset/source/Type0/317.jpg
dataset/source/Type0/318.jpg
dataset/source/Type0/319.jpg
dataset/source/Type0/325.jpg
dataset/source/Type0/334.jpg
dataset/source/Type0/337.jpg
dataset/source/Type0/338.jpg
dataset/source/Type0/339.jpg
dataset/source/Type0/342.jpg
dataset/source/Type0/345.jpg
dataset/source/Type0/347.jpg
dataset/source/Type0/349.jpg
dataset/source/Type0/350.jpg
dataset/source/Type0/353.jpg
dataset/source/Type0/354.jpg
dataset/source/Type0/368.jpg
dataset/source/Type0/378.jpg
dataset/source/Type0/380.jpg
dataset/source/Type0/381.jpg
dataset/source/Type0/382.jpg
dataset/source/Type0/385.jpg
dataset/source/Type0/387.jpg
dataset/source/Type0/388.jpg
dataset/source/Type0/391.jpg
dataset/source/Type0/392.jpg
dataset/source/Type0/393.jpg
dataset/source/Type0/394.jpg
dataset/source/Type0/399.jpg
dataset/source/Type0/408.jpg
dataset/source/Type0/414.jpg
dataset/source/Type0/415.jpg
dataset/source/Type0/419.jpg
dataset/source/Type0/439.jpg
dataset/source/Type0/450.jpg
dataset/source/Type0/452.jpg
dataset/source/Type0/457.jpg
dataset/source/Type0/463.jpg
dataset/source/Type0/466.jpg
dataset/source/Type0/469.jpg
dataset/source/Type0/474.jpg
dataset/source/Type0/477.jpg
dataset/source/Type0/478.jpg
dataset/source/Type0/484.jpg
dataset/source/Type0/488.jpg
dataset/source/Type0/497.jpg
dataset/source/Type0/500.jpg
dataset/source/Type0/503.jpg
dataset/source/Type0/508.jpg
dataset/source/Type0/511.jpg
dataset/source/Type0/513.jpg
dataset/source/Type0/516.jpg
dataset/source/Type0/539.jpg
dataset/source/Type0/543.jpg
dataset/source/Type0/548.jpg
dataset/source/Type0/551.jpg
dataset/source/Type0/552.jpg
dataset/source/Type0/555.jpg
dataset/source/Type0/563.jpg
dataset/source/Type0/565.jpg
dataset/source/Type0/576.jpg
dataset/source/Type0/583.jpg
dataset/source/Type0/585.jpg
dataset/source/Type0/595.jpg
dataset/source/Type0/598.jpg
dataset/source/Type0/602.jpg
dataset/source/Type0/612.jpg
dataset/source/Type0/615.jpg
dataset/source/Type0/617.jpg
dataset/source/Type0/626.jpg
dataset/source/Type0/629.jpg
dataset/source/Type0/632.jpg
dataset/source/Type0/633.jpg
dataset/source/Type0/650.jpg
dataset/source/Type0/653.jpg
dataset/source/Type0/655.jpg
dataset/source/Type0/678.jpg
dataset/source/Type0/683.jpg
dataset/source/Type0/687.jpg
dataset/source/Type0/690.jpg
dataset/source/Type0/691.jpg
dataset/source/Type0/695.jpg
dataset/source/Type0/697.jpg
dataset/source/Type0/701.jpg
dataset/source/Type0/705.jpg
dataset/source/Type0/713.jpg
dataset/source/Type0/719.jpg
dataset/source/Type0/727.jpg
dataset/source/Type0/732.jpg
dataset/source/Type0/733.jpg
dataset/source/Type0/736.jpg
dataset/source/Type0/742.jpg
dataset/source/Type0/743.jpg
dataset/source/Type0/749.jpg
dataset/source/Type0/758.jpg
dataset/source/Type0/761.jpg
dataset/source/Type0/768.jpg
dataset/source/Type0/776.jpg
dataset/source/Type0/783.jpg
dataset/source/Type0/786.jpg
dataset/source/Type0/788.jpg
dataset/source/Type0/796.jpg
dataset/source/Type0/801.jpg
dataset/source/Type0/802.jpg
dataset/source/Type0/809.jpg
dataset/source/Type0/813.jpg
dataset/source/Type0/824.jpg
dataset/source/Type0/828.jpg
dataset/source/Type0/836.jpg
dataset/source/Type0/845.jpg
dataset/source/Type0/847.jpg
dataset/source/Type0/849.jpg
dataset/source/Type0/853.jpg
dataset/source/Type0/860.jpg
dataset/source/Type0/869.jpg
dataset/source/Type0/870.jpg
dataset/source/Type0/875.jpg
dataset/source/Type0/877.jpg
dataset/source/Type0/879.jpg
dataset/source/Type0/887.jpg
dataset/source/Type0/888.jpg
dataset/source/Type0/890.jpg
dataset/source/Type0/893.jpg
dataset/source/Type0/896.jpg
dataset/source/Type0/898.jpg
dataset/source/Type0/900.jpg
dataset/source/Type0/902.jpg
dataset/source/Type0/903.jpg
dataset/source/Type0/911.jpg
dataset/source/Type0/915.jpg
dataset/source/Type0/920.jpg
dataset/source/Type0/921.jpg
dataset/source/Type0/922.jpg
dataset/source/Type0/923.jpg
dataset/source/Type0/924.jpg
dataset/source/Type0/927.jpg
dataset/source/Type0/933.jpg
dataset/source/Type0/934.jpg
dataset/source/Type0/935.jpg
dataset/source/Type0/938.jpg
dataset/source/Type0/941.jpg
dataset/source/Type0/943.jpg
dataset/source/Type0/944.jpg
dataset/source/Type0/947.jpg
dataset/source/Type0/952.jpg
dataset/source/Type0/960.jpg
dataset/source/Type0/968.jpg
dataset/source/Type0/970.jpg
dataset/source/Type0/976.jpg
dataset/source/Type0/988.jpg
dataset/source/Type0/990.jpg
dataset/source/Type0/993.jpg
dataset/source/Type0/995.jpg
dataset/source/Type0/998.jpg
dataset/source/Type0/999.jpg
dataset/source/Type0/1001.jpg
dataset/source/Type0/1004.jpg
dataset/source/Type0/1006.jpg
dataset/source/Type0/1007.jpg
dataset/source/Type0/1018.jpg
dataset/source/Type0/1021.jpg
dataset/source/Type0/1034.jpg
dataset/source/Type0/1047.jpg
dataset/source/Type0/1056.jpg
dataset/source/Type0/1064.jpg
dataset/source/Type0/1078.jpg
dataset/source/Type0/1081.jpg
dataset/source/Type0/1084.jpg
dataset/source/Type0/1090.jpg
dataset/source/Type0/1092.jpg
dataset/source/Type0/1096.jpg
dataset/source/Type0/1097.jpg
dataset/source/Type0/1107.jpg
dataset/source/Type0/1108.jpg
dataset/source/Type0/1109.jpg
dataset/source/Type0/1124.jpg
dataset/source/Type0/1130.jpg
dataset/source/Type0/1137.jpg
dataset/source/Type0/1148.jpg
dataset/source/Type0/1151.jpg
dataset/source/Type0/1156.jpg
dataset/source/Type0/1161.jpg
dataset/source/Type0/1163.jpg
dataset/source/Type0/1170.jpg
dataset/source/Type0/1183.jpg
dataset/source/Type0/1189.jpg
dataset/source/Type0/1192.jpg
dataset/source/Type0/1193.jpg
dataset/source/Type0/1194.jpg
dataset/source/Type0/1196.jpg
dataset/source/Type0/1198.jpg
dataset/source/Type0/1205.jpg
dataset/source/Type0/1211.jpg
dataset/source/Type0/1212.jpg
dataset/source/Type0/1217.jpg
dataset/source/Type0/1219.jpg
dataset/source/Type0/1220.jpg
dataset/source/Type0/1230.jpg
dataset/source/Type0/1240.jpg
dataset/source/Type0/1241.jpg
dataset/source/Type0/1242.jpg
dataset/source/Type0/1245.jpg
dataset/source/Type0/1248.jpg
dataset/source/Type0/1255.jpg
dataset/source/Type0/1257.jpg
dataset/source/Type0/1258.jpg
dataset/source/Type0/1268.jpg
dataset/source/Type0/1269.jpg
dataset/source/Type0/1273.jpg
dataset/source/Type0/1275.jpg
dataset/source/Type0/1277.jpg
dataset/source/Type0/1285.jpg
dataset/source/Type0/1288.jpg
dataset/source/Type0/1290.jpg
dataset/source/Type0/1293.jpg
dataset/source/Type0/1294.jpg
dataset/source/Type0/1304.jpg
dataset/source/Type0/1305.jpg
dataset/source/Type0/1306.jpg
dataset/source/Type0/1315.jpg
dataset/source/Type0/1317.jpg
dataset/source/Type0/1320.jpg
dataset/source/Type0/1334.jpg
dataset/source/Type0/1337.jpg
dataset/source/Type0/1341.jpg
dataset/source/Type0/1352.jpg
dataset/source/Type0/1354.jpg
dataset/source/Type0/1361.jpg
dataset/source/Type0/1363.jpg
dataset/source/Type0/1372.jpg
dataset/source/Type0/1376.jpg
dataset/source/Type0/1378.jpg
dataset/source/Type0/1382.jpg
dataset/source/Type0/1384.jpg
dataset/source/Type0/1385.jpg
dataset/source/Type0/1391.jpg
dataset/source/Type0/1396.jpg
dataset/source/Type0/1405.jpg
dataset/source/Type0/1406.jpg
dataset/source/Type0/1418.jpg
dataset/source/Type0/1421.jpg
valid
dataset/source/Type0/6.jpg
dataset/source/Type0/22.jpg
dataset/source/Type0/43.jpg
dataset/source/Type0/85.jpg
dataset/source/Type0/97.jpg
dataset/source/Type0/189.jpg
dataset/source/Type0/198.jpg
dataset/source/Type0/204.jpg
dataset/source/Type0/261.jpg
dataset/source/Type0/270.jpg
dataset/source/Type0/271.jpg
dataset/source/Type0/331.jpg
dataset/source/Type0/578.jpg
dataset/source/Type0/584.jpg
dataset/source/Type0/613.jpg
dataset/source/Type0/642.jpg
dataset/source/Type0/665.jpg
dataset/source/Type0/739.jpg
dataset/source/Type0/794.jpg
dataset/source/Type0/833.jpg
dataset/source/Type0/983.jpg
dataset/source/Type0/1201.jpg
dataset/source/Type0/1210.jpg
dataset/source/Type0/1276.jpg
dataset/source/Type0/1303.jpg
dataset/source/Type0/1308.jpg
dataset/source/Type0/1311.jpg
dataset/source/Type0/1356.jpg
dataset/source/Type0/1369.jpg
dataset/source/Type0/1392.jpg
test
dataset/source/Type0/5.jpg
dataset/source/Type0/31.jpg
dataset/source/Type0/45.jpg
dataset/source/Type0/77.jpg
dataset/source/Type0/84.jpg
dataset/source/Type0/99.jpg
dataset/source/Type0/102.jpg
dataset/source/Type0/117.jpg
dataset/source/Type0/157.jpg
dataset/source/Type0/170.jpg
dataset/source/Type0/214.jpg
dataset/source/Type0/224.jpg
dataset/source/Type0/243.jpg
dataset/source/Type0/246.jpg
dataset/source/Type0/251.jpg
dataset/source/Type0/254.jpg
dataset/source/Type0/311.jpg
dataset/source/Type0/332.jpg
dataset/source/Type0/348.jpg
dataset/source/Type0/384.jpg
dataset/source/Type0/464.jpg
dataset/source/Type0/479.jpg
dataset/source/Type0/480.jpg
dataset/source/Type0/491.jpg
dataset/source/Type0/496.jpg
dataset/source/Type0/498.jpg
dataset/source/Type0/518.jpg
dataset/source/Type0/530.jpg
dataset/source/Type0/590.jpg
dataset/source/Type0/591.jpg
dataset/source/Type0/594.jpg
dataset/source/Type0/599.jpg
dataset/source/Type0/614.jpg
dataset/source/Type0/619.jpg
dataset/source/Type0/631.jpg
dataset/source/Type0/656.jpg
dataset/source/Type0/670.jpg
dataset/source/Type0/699.jpg
dataset/source/Type0/715.jpg
dataset/source/Type0/726.jpg
dataset/source/Type0/734.jpg
dataset/source/Type0/747.jpg
dataset/source/Type0/757.jpg
dataset/source/Type0/781.jpg
dataset/source/Type0/784.jpg
dataset/source/Type0/785.jpg
dataset/source/Type0/790.jpg
dataset/source/Type0/799.jpg
dataset/source/Type0/811.jpg
dataset/source/Type0/821.jpg
dataset/source/Type0/823.jpg
dataset/source/Type0/841.jpg
dataset/source/Type0/850.jpg
dataset/source/Type0/867.jpg
dataset/source/Type0/872.jpg
dataset/source/Type0/881.jpg
dataset/source/Type0/883.jpg
dataset/source/Type0/885.jpg
dataset/source/Type0/918.jpg
dataset/source/Type0/954.jpg
dataset/source/Type0/973.jpg
dataset/source/Type0/991.jpg
dataset/source/Type0/992.jpg
dataset/source/Type0/1031.jpg
dataset/source/Type0/1046.jpg
dataset/source/Type0/1063.jpg
dataset/source/Type0/1095.jpg
dataset/source/Type0/1118.jpg
dataset/source/Type0/1121.jpg
dataset/source/Type0/1152.jpg
dataset/source/Type0/1157.jpg
dataset/source/Type0/1167.jpg
dataset/source/Type0/1190.jpg
dataset/source/Type0/1199.jpg
dataset/source/Type0/1236.jpg
dataset/source/Type0/1243.jpg
dataset/source/Type0/1251.jpg
dataset/source/Type0/1274.jpg
dataset/source/Type0/1283.jpg
dataset/source/Type0/1287.jpg
dataset/source/Type0/1309.jpg
dataset/source/Type0/1312.jpg
dataset/source/Type0/1343.jpg
dataset/source/Type0/1351.jpg
dataset/source/Type0/1353.jpg
dataset/source/Type0/1383.jpg
