from table/release_simi/realse_0half.json reading all data
class-label map: {'Type0': 0, 'Type1': 1, 'Type2': 2, 'Type3': 3}
settings :
lr: 0.001, epochs : 50, batchsize : 68
{'Type0': 0, 'Type1': 1, 'Type2': 2, 'Type3': 3}
-- train : full image dataset --
-- valid : full image dataset --
None
model will be saved at ckpt/release_simi/wce/resnet50.pt
train data : tensor([9185.,  583., 5443., 7500.])
valid data : tensor([1021.,   65.,  605.,  834.])
lossw for CrossEntropyLoss() : train : tensor([ 2.4726, 38.9554,  4.1725,  3.0281], device='cuda:0'), valid : tensor([ 2.4731, 38.8462,  4.1736,  3.0276], device='cuda:0')
Using 4 GPUs!
train 0 time: 510.700 secs | loss : 0.516 | acc: 0.836
f1 : 0.748, best f1 : 0.000, save model : train
recall: 0.820
0 : 8520/9185=0.928
1 : 474/583=0.813
2 : 4155/5443=0.763
3 : 5831/7500=0.777
valid 0 time: 16.748 secs | loss : 1.186 | acc: 0.689
f1 : 0.574, best f1 : 0.574, save model : True
stop count :0
recall: 0.714
0 : 1017/1021=0.996
1 : 53/65=0.815
2 : 529/605=0.874
3 : 141/834=0.169
====================================================================================================
train 1 time: 501.862 secs | loss : 0.288 | acc: 0.910
f1 : 0.853, best f1 : 0.574, save model : train
recall: 0.904
0 : 8921/9185=0.971
1 : 533/583=0.914
2 : 4661/5443=0.856
3 : 6558/7500=0.874
valid 1 time: 15.486 secs | loss : 0.283 | acc: 0.920
f1 : 0.887, best f1 : 0.887, save model : True
stop count :0
recall: 0.916
0 : 1009/1021=0.988
1 : 62/65=0.954
2 : 490/605=0.810
3 : 762/834=0.914
====================================================================================================
train 2 time: 503.730 secs | loss : 0.234 | acc: 0.923
f1 : 0.875, best f1 : 0.887, save model : train
recall: 0.923
0 : 8975/9185=0.977
1 : 554/583=0.950
2 : 4772/5443=0.877
3 : 6653/7500=0.887
valid 2 time: 15.621 secs | loss : 0.262 | acc: 0.897
f1 : 0.872, best f1 : 0.887, save model : False
stop count :1
recall: 0.901
0 : 1016/1021=0.995
1 : 60/65=0.923
2 : 577/605=0.954
3 : 612/834=0.734
====================================================================================================
train 3 time: 498.875 secs | loss : 0.193 | acc: 0.936
f1 : 0.897, best f1 : 0.887, save model : train
recall: 0.937
0 : 8984/9185=0.978
1 : 559/583=0.959
2 : 4909/5443=0.902
3 : 6814/7500=0.909
valid 3 time: 15.034 secs | loss : 0.260 | acc: 0.903
f1 : 0.877, best f1 : 0.887, save model : False
stop count :2
recall: 0.916
0 : 1004/1021=0.983
1 : 62/65=0.954
2 : 594/605=0.982
3 : 620/834=0.743
====================================================================================================
train 4 time: 493.376 secs | loss : 0.209 | acc: 0.932
f1 : 0.892, best f1 : 0.887, save model : train
recall: 0.932
0 : 8957/9185=0.975
1 : 555/583=0.952
2 : 4903/5443=0.901
3 : 6762/7500=0.902
valid 4 time: 14.994 secs | loss : 0.240 | acc: 0.916
f1 : 0.862, best f1 : 0.887, save model : False
stop count :3
recall: 0.925
0 : 1008/1021=0.987
1 : 63/65=0.969
2 : 556/605=0.919
3 : 687/834=0.824
====================================================================================================
train 5 time: 493.848 secs | loss : 0.155 | acc: 0.948
f1 : 0.910, best f1 : 0.887, save model : train
recall: 0.948
0 : 9025/9185=0.983
1 : 561/583=0.962
2 : 5040/5443=0.926
3 : 6905/7500=0.921
valid 5 time: 15.038 secs | loss : 0.550 | acc: 0.809
f1 : 0.706, best f1 : 0.887, save model : False
stop count :4
recall: 0.844
0 : 969/1021=0.949
1 : 62/65=0.954
2 : 579/605=0.957
3 : 432/834=0.518
====================================================================================================
train 6 time: 494.374 secs | loss : 0.141 | acc: 0.951
f1 : 0.922, best f1 : 0.887, save model : train
recall: 0.953
0 : 9040/9185=0.984
1 : 567/583=0.973
2 : 5048/5443=0.927
3 : 6947/7500=0.926
valid 6 time: 15.172 secs | loss : 0.271 | acc: 0.919
f1 : 0.902, best f1 : 0.902, save model : True
stop count :0
recall: 0.920
0 : 1017/1021=0.996
1 : 61/65=0.938
2 : 558/605=0.922
3 : 685/834=0.821
====================================================================================================
train 7 time: 494.121 secs | loss : 0.160 | acc: 0.947
f1 : 0.912, best f1 : 0.902, save model : train
recall: 0.948
0 : 9027/9185=0.983
1 : 563/583=0.966
2 : 5038/5443=0.926
3 : 6877/7500=0.917
valid 7 time: 15.022 secs | loss : 0.212 | acc: 0.926
f1 : 0.877, best f1 : 0.902, save model : False
stop count :1
recall: 0.931
0 : 1003/1021=0.982
1 : 62/65=0.954
2 : 575/605=0.950
3 : 698/834=0.837
====================================================================================================
train 8 time: 494.061 secs | loss : 0.111 | acc: 0.960
f1 : 0.940, best f1 : 0.902, save model : train
recall: 0.964
0 : 9078/9185=0.988
1 : 578/583=0.991
2 : 5097/5443=0.936
3 : 7040/7500=0.939
valid 8 time: 15.086 secs | loss : 0.135 | acc: 0.959
f1 : 0.944, best f1 : 0.944, save model : True
stop count :0
recall: 0.946
0 : 1010/1021=0.989
1 : 59/65=0.908
2 : 586/605=0.969
3 : 766/834=0.918
====================================================================================================
train 9 time: 496.949 secs | loss : 0.101 | acc: 0.964
f1 : 0.947, best f1 : 0.944, save model : train
recall: 0.966
0 : 9095/9185=0.990
1 : 574/583=0.985
2 : 5152/5443=0.947
3 : 7079/7500=0.944
valid 9 time: 16.223 secs | loss : 0.520 | acc: 0.867
f1 : 0.822, best f1 : 0.944, save model : False
stop count :1
recall: 0.851
0 : 1015/1021=0.994
1 : 58/65=0.892
2 : 393/605=0.650
3 : 723/834=0.867
====================================================================================================
train 10 time: 495.541 secs | loss : 0.122 | acc: 0.957
f1 : 0.933, best f1 : 0.944, save model : train
recall: 0.958
0 : 9059/9185=0.986
1 : 569/583=0.976
2 : 5107/5443=0.938
3 : 6997/7500=0.933
valid 10 time: 15.467 secs | loss : 0.212 | acc: 0.937
f1 : 0.921, best f1 : 0.944, save model : False
stop count :2
recall: 0.932
0 : 1016/1021=0.995
1 : 60/65=0.923
2 : 584/605=0.965
3 : 705/834=0.845
====================================================================================================
train 11 time: 492.865 secs | loss : 0.111 | acc: 0.963
f1 : 0.941, best f1 : 0.944, save model : train
recall: 0.965
0 : 9066/9185=0.987
1 : 572/583=0.981
2 : 5181/5443=0.952
3 : 7049/7500=0.940
valid 11 time: 14.827 secs | loss : 0.254 | acc: 0.920
f1 : 0.879, best f1 : 0.944, save model : False
stop count :3
recall: 0.924
0 : 1002/1021=0.981
1 : 61/65=0.938
2 : 583/605=0.964
3 : 677/834=0.812
====================================================================================================
train 12 time: 492.998 secs | loss : 0.089 | acc: 0.968
f1 : 0.953, best f1 : 0.944, save model : train
recall: 0.969
0 : 9087/9185=0.989
1 : 573/583=0.983
2 : 5182/5443=0.952
3 : 7138/7500=0.952
valid 12 time: 15.131 secs | loss : 0.121 | acc: 0.963
f1 : 0.943, best f1 : 0.944, save model : False
stop count :4
recall: 0.951
0 : 1012/1021=0.991
1 : 60/65=0.923
2 : 575/605=0.950
3 : 784/834=0.940
====================================================================================================
train 13 time: 493.021 secs | loss : 0.092 | acc: 0.967
f1 : 0.951, best f1 : 0.944, save model : train
recall: 0.969
0 : 9102/9185=0.991
1 : 576/583=0.988
2 : 5176/5443=0.951
3 : 7101/7500=0.947
valid 13 time: 14.855 secs | loss : 0.373 | acc: 0.936
f1 : 0.909, best f1 : 0.944, save model : False
stop count :5
recall: 0.941
0 : 981/1021=0.961
1 : 62/65=0.954
2 : 585/605=0.967
3 : 735/834=0.881
====================================================================================================
train 14 time: 492.656 secs | loss : 0.093 | acc: 0.966
f1 : 0.949, best f1 : 0.944, save model : train
recall: 0.969
0 : 9096/9185=0.990
1 : 576/583=0.988
2 : 5168/5443=0.949
3 : 7108/7500=0.948
valid 14 time: 14.999 secs | loss : 0.136 | acc: 0.959
f1 : 0.937, best f1 : 0.944, save model : False
stop count :6
recall: 0.957
0 : 1015/1021=0.994
1 : 62/65=0.954
2 : 592/605=0.979
3 : 753/834=0.903
====================================================================================================
train 15 time: 492.270 secs | loss : 0.063 | acc: 0.975
f1 : 0.968, best f1 : 0.944, save model : train
recall: 0.979
0 : 9120/9185=0.993
1 : 581/583=0.997
2 : 5258/5443=0.966
3 : 7191/7500=0.959
valid 15 time: 15.082 secs | loss : 0.124 | acc: 0.958
f1 : 0.948, best f1 : 0.948, save model : True
stop count :0
recall: 0.960
0 : 1013/1021=0.992
1 : 63/65=0.969
2 : 598/605=0.988
3 : 744/834=0.892
====================================================================================================
train 16 time: 491.365 secs | loss : 0.055 | acc: 0.979
f1 : 0.975, best f1 : 0.948, save model : train
recall: 0.981
0 : 9121/9185=0.993
1 : 579/583=0.993
2 : 5288/5443=0.972
3 : 7253/7500=0.967
valid 16 time: 15.546 secs | loss : 5.332 | acc: 0.421
f1 : 0.330, best f1 : 0.948, save model : False
stop count :1
recall: 0.392
0 : 106/1021=0.104
1 : 3/65=0.046
2 : 605/605=1.000
3 : 350/834=0.420
====================================================================================================
train 17 time: 494.260 secs | loss : 0.123 | acc: 0.960
f1 : 0.930, best f1 : 0.948, save model : train
recall: 0.959
0 : 9061/9185=0.986
1 : 563/583=0.966
2 : 5141/5443=0.945
3 : 7047/7500=0.940
valid 17 time: 15.031 secs | loss : 0.427 | acc: 0.855
f1 : 0.845, best f1 : 0.948, save model : False
stop count :2
recall: 0.880
0 : 999/1021=0.978
1 : 62/65=0.954
2 : 592/605=0.979
3 : 507/834=0.608
====================================================================================================
train 18 time: 492.753 secs | loss : 0.058 | acc: 0.979
f1 : 0.971, best f1 : 0.948, save model : train
recall: 0.981
0 : 9124/9185=0.993
1 : 580/583=0.995
2 : 5283/5443=0.971
3 : 7242/7500=0.966
valid 18 time: 14.871 secs | loss : 0.112 | acc: 0.970
f1 : 0.962, best f1 : 0.962, save model : True
stop count :0
recall: 0.963
0 : 1011/1021=0.990
1 : 62/65=0.954
2 : 572/605=0.945
3 : 803/834=0.963
====================================================================================================
train 19 time: 496.239 secs | loss : 0.046 | acc: 0.983
f1 : 0.977, best f1 : 0.962, save model : train
recall: 0.984
0 : 9141/9185=0.995
1 : 579/583=0.993
2 : 5317/5443=0.977
3 : 7287/7500=0.972
valid 19 time: 14.870 secs | loss : 0.115 | acc: 0.964
f1 : 0.945, best f1 : 0.962, save model : False
stop count :1
recall: 0.967
0 : 1015/1021=0.994
1 : 64/65=0.985
2 : 580/605=0.959
3 : 776/834=0.930
====================================================================================================
train 20 time: 490.861 secs | loss : 0.037 | acc: 0.986
f1 : 0.982, best f1 : 0.962, save model : train
recall: 0.988
0 : 9140/9185=0.995
1 : 582/583=0.998
2 : 5342/5443=0.981
3 : 7332/7500=0.978
valid 20 time: 15.067 secs | loss : 0.162 | acc: 0.953
f1 : 0.942, best f1 : 0.962, save model : False
stop count :2
recall: 0.949
0 : 1011/1021=0.990
1 : 61/65=0.938
2 : 590/605=0.975
3 : 745/834=0.893
====================================================================================================
train 21 time: 494.796 secs | loss : 0.105 | acc: 0.969
f1 : 0.949, best f1 : 0.962, save model : train
recall: 0.970
0 : 9065/9185=0.987
1 : 571/583=0.979
2 : 5248/5443=0.964
3 : 7128/7500=0.950
valid 21 time: 15.278 secs | loss : 0.209 | acc: 0.949
f1 : 0.934, best f1 : 0.962, save model : False
stop count :3
recall: 0.933
0 : 1010/1021=0.989
1 : 57/65=0.877
2 : 597/605=0.987
3 : 733/834=0.879
====================================================================================================
train 22 time: 492.023 secs | loss : 0.052 | acc: 0.981
f1 : 0.974, best f1 : 0.962, save model : train
recall: 0.983
0 : 9122/9185=0.993
1 : 580/583=0.995
2 : 5321/5443=0.978
3 : 7254/7500=0.967
valid 22 time: 15.292 secs | loss : 0.094 | acc: 0.967
f1 : 0.944, best f1 : 0.962, save model : False
stop count :4
recall: 0.968
0 : 1006/1021=0.985
1 : 64/65=0.985
2 : 569/605=0.940
3 : 803/834=0.963
====================================================================================================
train 23 time: 491.616 secs | loss : 0.031 | acc: 0.988
f1 : 0.987, best f1 : 0.962, save model : train
recall: 0.990
0 : 9153/9185=0.997
1 : 583/583=1.000
2 : 5347/5443=0.982
3 : 7357/7500=0.981
valid 23 time: 15.130 secs | loss : 0.106 | acc: 0.964
f1 : 0.955, best f1 : 0.962, save model : False
stop count :5
recall: 0.968
0 : 1009/1021=0.988
1 : 64/65=0.985
2 : 586/605=0.969
3 : 776/834=0.930
====================================================================================================
train 24 time: 492.313 secs | loss : 0.053 | acc: 0.983
f1 : 0.973, best f1 : 0.962, save model : train
recall: 0.984
0 : 9125/9185=0.993
1 : 579/583=0.993
2 : 5325/5443=0.978
3 : 7296/7500=0.973
valid 24 time: 14.976 secs | loss : 0.153 | acc: 0.955
f1 : 0.942, best f1 : 0.962, save model : False
stop count :6
recall: 0.962
0 : 1011/1021=0.990
1 : 64/65=0.985
2 : 595/605=0.983
3 : 742/834=0.890
====================================================================================================
train 25 time: 491.750 secs | loss : 0.030 | acc: 0.989
f1 : 0.986, best f1 : 0.962, save model : train
recall: 0.990
0 : 9150/9185=0.996
1 : 582/583=0.998
2 : 5362/5443=0.985
3 : 7359/7500=0.981
valid 25 time: 15.040 secs | loss : 0.198 | acc: 0.950
f1 : 0.939, best f1 : 0.962, save model : False
stop count :7
recall: 0.948
0 : 1007/1021=0.986
1 : 61/65=0.938
2 : 594/605=0.982
3 : 738/834=0.885
====================================================================================================
train 26 time: 492.022 secs | loss : 0.063 | acc: 0.979
f1 : 0.970, best f1 : 0.962, save model : train
recall: 0.981
0 : 9131/9185=0.994
1 : 578/583=0.991
2 : 5273/5443=0.969
3 : 7261/7500=0.968
valid 26 time: 14.942 secs | loss : 0.122 | acc: 0.968
f1 : 0.956, best f1 : 0.962, save model : False
stop count :8
recall: 0.956
0 : 1012/1021=0.991
1 : 60/65=0.923
2 : 578/605=0.955
3 : 795/834=0.953
====================================================================================================
train 27 time: 492.597 secs | loss : 0.026 | acc: 0.990
f1 : 0.989, best f1 : 0.962, save model : train
recall: 0.992
0 : 9159/9185=0.997
1 : 583/583=1.000
2 : 5376/5443=0.988
3 : 7377/7500=0.984
valid 27 time: 14.663 secs | loss : 0.147 | acc: 0.970
f1 : 0.962, best f1 : 0.962, save model : False
stop count :9
recall: 0.953
0 : 1013/1021=0.992
1 : 59/65=0.908
2 : 578/605=0.955
3 : 799/834=0.958
====================================================================================================
train 28 time: 491.875 secs | loss : 0.013 | acc: 0.995
f1 : 0.995, best f1 : 0.962, save model : train
recall: 0.996
0 : 9173/9185=0.999
1 : 583/583=1.000
2 : 5405/5443=0.993
3 : 7443/7500=0.992
valid 28 time: 15.344 secs | loss : 0.154 | acc: 0.968
f1 : 0.960, best f1 : 0.962, save model : False
stop count :10
recall: 0.954
0 : 1015/1021=0.994
1 : 60/65=0.923
2 : 567/605=0.937
3 : 801/834=0.960
====================================================================================================
train 29 time: 492.314 secs | loss : 0.019 | acc: 0.993
f1 : 0.993, best f1 : 0.962, save model : train
recall: 0.994
0 : 9165/9185=0.998
1 : 583/583=1.000
2 : 5392/5443=0.991
3 : 7420/7500=0.989
valid 29 time: 15.061 secs | loss : 0.148 | acc: 0.959
f1 : 0.948, best f1 : 0.962, save model : False
stop count :11
recall: 0.953
0 : 1011/1021=0.990
1 : 61/65=0.938
2 : 589/605=0.974
3 : 760/834=0.911
====================================================================================================
train 30 time: 492.440 secs | loss : 0.015 | acc: 0.994
f1 : 0.994, best f1 : 0.962, save model : train
recall: 0.995
0 : 9157/9185=0.997
1 : 583/583=1.000
2 : 5405/5443=0.993
3 : 7434/7500=0.991
valid 30 time: 15.068 secs | loss : 0.138 | acc: 0.971
f1 : 0.958, best f1 : 0.962, save model : False
stop count :12
recall: 0.958
0 : 1013/1021=0.992
1 : 60/65=0.923
2 : 580/605=0.959
3 : 798/834=0.957
====================================================================================================
train 31 time: 492.713 secs | loss : 0.085 | acc: 0.974
f1 : 0.955, best f1 : 0.962, save model : train
recall: 0.974
0 : 9103/9185=0.991
1 : 571/583=0.979
2 : 5262/5443=0.967
3 : 7194/7500=0.959
valid 31 time: 15.300 secs | loss : 0.164 | acc: 0.965
f1 : 0.947, best f1 : 0.962, save model : False
stop count :13
recall: 0.953
0 : 1011/1021=0.990
1 : 60/65=0.923
2 : 581/605=0.960
3 : 784/834=0.940
====================================================================================================
train 32 time: 492.514 secs | loss : 0.051 | acc: 0.984
f1 : 0.972, best f1 : 0.962, save model : train
recall: 0.984
0 : 9107/9185=0.992
1 : 577/583=0.990
2 : 5333/5443=0.980
3 : 7320/7500=0.976
valid 32 time: 15.173 secs | loss : 0.146 | acc: 0.969
f1 : 0.951, best f1 : 0.962, save model : False
stop count :14
recall: 0.951
0 : 1012/1021=0.991
1 : 59/65=0.908
2 : 569/605=0.940
3 : 806/834=0.966
====================================================================================================
train 33 time: 492.398 secs | loss : 0.016 | acc: 0.994
f1 : 0.994, best f1 : 0.962, save model : train
recall: 0.995
0 : 9168/9185=0.998
1 : 583/583=1.000
2 : 5400/5443=0.992
3 : 7428/7500=0.990
valid 33 time: 15.143 secs | loss : 0.146 | acc: 0.972
f1 : 0.958, best f1 : 0.962, save model : False
stop count :15
recall: 0.967
0 : 1009/1021=0.988
1 : 62/65=0.954
2 : 594/605=0.982
3 : 789/834=0.946
====================================================================================================
train 34 time: 492.391 secs | loss : 0.035 | acc: 0.990
f1 : 0.982, best f1 : 0.962, save model : train
recall: 0.990
0 : 9148/9185=0.996
1 : 578/583=0.991
2 : 5367/5443=0.986
3 : 7391/7500=0.985
valid 34 time: 15.352 secs | loss : 0.659 | acc: 0.745
f1 : 0.780, best f1 : 0.962, save model : False
stop count :16
recall: 0.793
0 : 496/1021=0.486
1 : 53/65=0.815
2 : 599/605=0.990
3 : 734/834=0.880
====================================================================================================
train 35 time: 492.048 secs | loss : 0.075 | acc: 0.977
f1 : 0.958, best f1 : 0.962, save model : train
recall: 0.976
0 : 9089/9185=0.990
1 : 571/583=0.979
2 : 5294/5443=0.973
3 : 7228/7500=0.964
valid 35 time: 15.172 secs | loss : 0.217 | acc: 0.948
f1 : 0.940, best f1 : 0.962, save model : False
stop count :17
recall: 0.939
0 : 1006/1021=0.985
1 : 59/65=0.908
2 : 594/605=0.982
3 : 735/834=0.881
====================================================================================================
train 36 time: 493.375 secs | loss : 0.032 | acc: 0.989
f1 : 0.983, best f1 : 0.962, save model : train
recall: 0.990
0 : 9163/9185=0.998
1 : 581/583=0.997
2 : 5368/5443=0.986
3 : 7355/7500=0.981
valid 36 time: 15.298 secs | loss : 0.112 | acc: 0.970
f1 : 0.956, best f1 : 0.962, save model : False
stop count :18
recall: 0.964
0 : 1011/1021=0.990
1 : 62/65=0.954
2 : 574/605=0.949
3 : 803/834=0.963
====================================================================================================
train 37 time: 492.769 secs | loss : 0.013 | acc: 0.995
f1 : 0.994, best f1 : 0.962, save model : train
recall: 0.996
0 : 9172/9185=0.999
1 : 582/583=0.998
2 : 5413/5443=0.994
3 : 7433/7500=0.991
valid 37 time: 15.018 secs | loss : 0.133 | acc: 0.971
f1 : 0.957, best f1 : 0.962, save model : False
stop count :19
recall: 0.958
0 : 1011/1021=0.990
1 : 60/65=0.923
2 : 578/605=0.955
3 : 803/834=0.963
====================================================================================================
train 38 time: 492.480 secs | loss : 0.014 | acc: 0.995
f1 : 0.994, best f1 : 0.962, save model : train
recall: 0.996
0 : 9171/9185=0.998
1 : 583/583=1.000
2 : 5396/5443=0.991
3 : 7445/7500=0.993
valid 38 time: 14.995 secs | loss : 0.124 | acc: 0.966
f1 : 0.947, best f1 : 0.962, save model : False
stop count :20
recall: 0.955
0 : 1010/1021=0.989
1 : 60/65=0.923
2 : 592/605=0.979
3 : 776/834=0.930
====================================================================================================
train 39 time: 492.446 secs | loss : 0.006 | acc: 0.998
f1 : 0.997, best f1 : 0.962, save model : train
recall: 0.998
0 : 9176/9185=0.999
1 : 583/583=1.000
2 : 5425/5443=0.997
3 : 7476/7500=0.997
valid 39 time: 15.374 secs | loss : 0.175 | acc: 0.971
f1 : 0.961, best f1 : 0.962, save model : False
stop count :21
recall: 0.958
0 : 1011/1021=0.990
1 : 60/65=0.923
2 : 583/605=0.964
3 : 797/834=0.956
====================================================================================================
train 40 time: 492.464 secs | loss : 0.003 | acc: 0.999
f1 : 0.999, best f1 : 0.962, save model : train
recall: 0.999
0 : 9184/9185=1.000
1 : 583/583=1.000
2 : 5436/5443=0.999
3 : 7487/7500=0.998
valid 40 time: 14.895 secs | loss : 0.161 | acc: 0.971
f1 : 0.959, best f1 : 0.962, save model : False
stop count :22
recall: 0.965
0 : 1013/1021=0.992
1 : 62/65=0.954
2 : 578/605=0.955
3 : 800/834=0.959
====================================================================================================
train 41 time: 492.549 secs | loss : 0.059 | acc: 0.984
f1 : 0.975, best f1 : 0.962, save model : train
recall: 0.984
0 : 9133/9185=0.994
1 : 578/583=0.991
2 : 5323/5443=0.978
3 : 7303/7500=0.974
valid 41 time: 15.202 secs | loss : 0.159 | acc: 0.969
f1 : 0.958, best f1 : 0.962, save model : False
stop count :23
recall: 0.958
0 : 1011/1021=0.990
1 : 60/65=0.923
2 : 596/605=0.985
3 : 779/834=0.934
====================================================================================================
train 42 time: 494.230 secs | loss : 0.018 | acc: 0.994
f1 : 0.993, best f1 : 0.962, save model : train
recall: 0.995
0 : 9174/9185=0.999
1 : 582/583=0.998
2 : 5394/5443=0.991
3 : 7431/7500=0.991
valid 42 time: 16.812 secs | loss : 0.255 | acc: 0.955
f1 : 0.935, best f1 : 0.962, save model : False
stop count :24
recall: 0.929
0 : 1014/1021=0.993
1 : 56/65=0.862
2 : 554/605=0.916
3 : 787/834=0.944
====================================================================================================
train 43 time: 498.149 secs | loss : 0.044 | acc: 0.986
f1 : 0.978, best f1 : 0.962, save model : train
recall: 0.986
0 : 9139/9185=0.995
1 : 579/583=0.993
2 : 5334/5443=0.980
3 : 7331/7500=0.977
valid 43 time: 14.883 secs | loss : 0.117 | acc: 0.968
f1 : 0.955, best f1 : 0.962, save model : False
stop count :25
recall: 0.959
0 : 1010/1021=0.989
1 : 61/65=0.938
2 : 584/605=0.965
3 : 788/834=0.945
====================================================================================================
train 44 time: 493.485 secs | loss : 0.009 | acc: 0.997
f1 : 0.997, best f1 : 0.962, save model : train
recall: 0.998
0 : 9179/9185=0.999
1 : 583/583=1.000
2 : 5422/5443=0.996
3 : 7469/7500=0.996
valid 44 time: 15.336 secs | loss : 0.197 | acc: 0.970
f1 : 0.958, best f1 : 0.962, save model : False
stop count :26
recall: 0.950
0 : 1012/1021=0.991
1 : 58/65=0.892
2 : 582/605=0.962
3 : 797/834=0.956
====================================================================================================
train 45 time: 492.586 secs | loss : 0.042 | acc: 0.988
f1 : 0.979, best f1 : 0.962, save model : train
recall: 0.988
0 : 9127/9185=0.994
1 : 577/583=0.990
2 : 5369/5443=0.986
3 : 7371/7500=0.983
valid 45 time: 15.205 secs | loss : 0.137 | acc: 0.973
f1 : 0.960, best f1 : 0.962, save model : False
stop count :27
recall: 0.956
0 : 1013/1021=0.992
1 : 59/65=0.908
2 : 584/605=0.965
3 : 800/834=0.959
====================================================================================================
train 46 time: 496.164 secs | loss : 0.016 | acc: 0.994
f1 : 0.992, best f1 : 0.962, save model : train
recall: 0.995
0 : 9159/9185=0.997
1 : 582/583=0.998
2 : 5408/5443=0.994
3 : 7431/7500=0.991
valid 46 time: 15.109 secs | loss : 0.123 | acc: 0.969
f1 : 0.955, best f1 : 0.962, save model : False
stop count :28
recall: 0.964
0 : 1010/1021=0.989
1 : 62/65=0.954
2 : 580/605=0.959
3 : 795/834=0.953
====================================================================================================
train 47 time: 493.457 secs | loss : 0.007 | acc: 0.998
f1 : 0.997, best f1 : 0.962, save model : train
recall: 0.998
0 : 9178/9185=0.999
1 : 583/583=1.000
2 : 5428/5443=0.997
3 : 7481/7500=0.997
valid 47 time: 15.657 secs | loss : 0.143 | acc: 0.975
f1 : 0.964, best f1 : 0.964, save model : True
stop count :0
recall: 0.962
0 : 1013/1021=0.992
1 : 60/65=0.923
2 : 585/605=0.967
3 : 804/834=0.964
====================================================================================================
train 48 time: 498.534 secs | loss : 0.015 | acc: 0.995
f1 : 0.995, best f1 : 0.964, save model : train
recall: 0.996
0 : 9179/9185=0.999
1 : 583/583=1.000
2 : 5404/5443=0.993
3 : 7437/7500=0.992
valid 48 time: 15.085 secs | loss : 0.150 | acc: 0.972
f1 : 0.959, best f1 : 0.964, save model : False
stop count :1
recall: 0.956
0 : 1008/1021=0.987
1 : 59/65=0.908
2 : 587/605=0.970
3 : 801/834=0.960
====================================================================================================
train 49 time: 492.811 secs | loss : 0.003 | acc: 0.999
f1 : 0.999, best f1 : 0.964, save model : train
recall: 0.999
0 : 9184/9185=1.000
1 : 583/583=1.000
2 : 5434/5443=0.998
3 : 7488/7500=0.998
valid 49 time: 15.187 secs | loss : 0.206 | acc: 0.972
f1 : 0.960, best f1 : 0.964, save model : False
stop count :2
recall: 0.956
0 : 1014/1021=0.993
1 : 59/65=0.908
2 : 588/605=0.972
3 : 794/834=0.952
====================================================================================================
training using 424.5576588392258 mins.
(7 hours)